<!DOCTYPE html>
<html lang="en">
<head>
  <meta charset="utf-8">
<!-- toc.qdoc -->
  <title>TOC | OutputFromQDocFiles</title>
</head>
<body>
<li id="buildversion">OutputFromQDocFiles - A test project for QDoc build artifacts</li>
<div class="sidebar"><div class="sidebar-content" id="sidebar-content"></div></div>
<h1 class="title">TOC</h1>
<!-- $$$toc-test.html-description -->
<div class="descr" id="details">
<ul>
<li><a href="qdoctests-qdocfileoutput.html">QDoc Testing</a><ul>
<li><a href="qdoctests-qdocfileoutput-exhaustive.html">Exhaustive testing of QDoc commands</a></li>
</ul>
</li>
<li>Linking<ul>
<li><a href="qdoctests-qdocfileoutput-linking.html">QDoc Linking Test</a><ul>
<li><a href="qdoctests-qdocfileoutput-linking.html#link-targets">Link targets</a></li>
</ul>
</li>
<li><a href="crash.html">Random page</a></li>
<li><a href="toc.html">Table of Contents</a></li>
</ul>
</li>
</ul>
</div>
<!-- @@@toc-test.html -->
</body>
</html>
