<!DOCTYPE html>
<html lang="en">
<head>
  <meta charset="utf-8">
  <title>StdPair Proxy Page | ProxyPage</title>
</head>
<body>
<h1 class="title">StdPair Proxy Page</h1>
<h2 id="types">Types</h2>
<div class="table"><table class="alignedsummary">
<tr><td class="memItemLeft rightAlign topAlign"> </td><td class="memItemRight bottomAlign"><b><a href="stdpair-proxy.html#StdPair-typedef">StdPair</a></b></td></tr>
</table></div>
<div class="types">
<h2>Type Documentation</h2>
<!-- $$$StdPair -->
<h3 class="fn" id="StdPair-typedef"><code>[alias] </code>template &lt;class T1, class T2&gt; <span class="name">StdPair</span></h3>
<!-- @@@StdPair -->
</div>
</body>
</html>
